# animatediff run 20260529_072013
# cmd: /home/ttuser/tt-metal/python_env/bin/python /home/ttuser/code/tt-local-generator/app/animatediff/examples/generate_blackhole_v2.py --prompt A pay phone ringing in an empty lot at 3pm a figure crests a hill and stops, low angle medium, unsettling, Lynch — deep-focus mundane uncanny, tungsten warmth, hidden horror --negative-prompt blurry, low quality --frames 8 --steps 40 --seed 42 --temporal-alpha 0.35 --output /home/ttuser/.local/share/tt-video-gen/videos/20260529_142013_472d96c6.gif

AnimateDiff Phase 2.5 — Blackhole TTNN UNet + cross-frame temporal attention
  Prompt         : A pay phone ringing in an empty lot at 3pm a figure crests a hill and stops, low angle medium, unsettling, Lynch — deep-focus mundane uncanny, tungsten warmth, hidden horror
  Frames         : 8  Steps: 40  Seed: 42
  Temporal alpha : 0.35

Opening Blackhole device...
2026-05-29 07:20:15.762 | DEBUG    | ttnn:<module>:77 - Initial ttnn.CONFIG:
Config{cache_path=/home/ttuser/.cache/ttnn,model_cache_path=/home/ttuser/.cache/ttnn/models,tmp_dir=/tmp/ttnn,enable_model_cache=false,enable_fast_runtime_mode=true,throw_exception_on_fallback=false,enable_logging=false,enable_graph_report=false,enable_detailed_buffer_report=false,enable_detailed_tensor_report=false,enable_comparison_mode=false,comparison_mode_should_raise_exception=false,comparison_mode_pcc=0.9999,root_report_path=generated/ttnn/reports,report_name=std::nullopt,std::nullopt}
2026-05-29 07:20:15.844 | warning  |             UMD | File size 56 is not as expected 48 for mutex ARC_MSG_0_PCIe. This could be due to new pthread library version, or some other external factor. (robust_mutex.cpp:185)
2026-05-29 07:20:15.844 | warning  |             UMD | The file was resized, but the initialized flag is correct. This is an unexpected case, the mutex might fail. Mutex name: ARC_MSG_0_PCIe (robust_mutex.cpp:139)
2026-05-29 07:20:15.844 | warning  |             UMD | File size 56 is not as expected 48 for mutex REMOTE_ARC_MSG_0_PCIe. This could be due to new pthread library version, or some other external factor. (robust_mutex.cpp:185)
2026-05-29 07:20:15.844 | warning  |             UMD | The file was resized, but the initialized flag is correct. This is an unexpected case, the mutex might fail. Mutex name: REMOTE_ARC_MSG_0_PCIe (robust_mutex.cpp:139)
2026-05-29 07:20:15.844 | warning  |             UMD | File size 56 is not as expected 48 for mutex ARC_MSG. This could be due to new pthread library version, or some other external factor. (robust_mutex.cpp:185)
2026-05-29 07:20:15.844 | warning  |             UMD | The file was resized, but the initialized flag is correct. This is an unexpected case, the mutex might fail. Mutex name: ARC_MSG (robust_mutex.cpp:139)
2026-05-29 07:20:16.363 | warning  |             UMD | File size 56 is not as expected 48 for mutex ARC_MSG_1_PCIe. This could be due to new pthread library version, or some other external factor. (robust_mutex.cpp:185)
2026-05-29 07:20:16.363 | warning  |             UMD | The file was resized, but the initialized flag is correct. This is an unexpected case, the mutex might fail. Mutex name: ARC_MSG_1_PCIe (robust_mutex.cpp:139)
2026-05-29 07:20:16.363 | warning  |             UMD | File size 56 is not as expected 48 for mutex REMOTE_ARC_MSG_1_PCIe. This could be due to new pthread library version, or some other external factor. (robust_mutex.cpp:185)
2026-05-29 07:20:16.363 | warning  |             UMD | The file was resized, but the initialized flag is correct. This is an unexpected case, the mutex might fail. Mutex name: REMOTE_ARC_MSG_1_PCIe (robust_mutex.cpp:139)
2026-05-29 07:20:16.787 | warning  |             UMD | File size 56 is not as expected 48 for mutex ARC_MSG_2_PCIe. This could be due to new pthread library version, or some other external factor. (robust_mutex.cpp:185)
2026-05-29 07:20:16.787 | warning  |             UMD | The file was resized, but the initialized flag is correct. This is an unexpected case, the mutex might fail. Mutex name: ARC_MSG_2_PCIe (robust_mutex.cpp:139)
2026-05-29 07:20:16.787 | warning  |             UMD | File size 56 is not as expected 48 for mutex REMOTE_ARC_MSG_2_PCIe. This could be due to new pthread library version, or some other external factor. (robust_mutex.cpp:185)
2026-05-29 07:20:16.787 | warning  |             UMD | The file was resized, but the initialized flag is correct. This is an unexpected case, the mutex might fail. Mutex name: REMOTE_ARC_MSG_2_PCIe (robust_mutex.cpp:139)
2026-05-29 07:20:17.211 | warning  |             UMD | File size 56 is not as expected 48 for mutex ARC_MSG_3_PCIe. This could be due to new pthread library version, or some other external factor. (robust_mutex.cpp:185)
2026-05-29 07:20:17.211 | warning  |             UMD | The file was resized, but the initialized flag is correct. This is an unexpected case, the mutex might fail. Mutex name: ARC_MSG_3_PCIe (robust_mutex.cpp:139)
2026-05-29 07:20:17.211 | warning  |             UMD | File size 56 is not as expected 48 for mutex REMOTE_ARC_MSG_3_PCIe. This could be due to new pthread library version, or some other external factor. (robust_mutex.cpp:185)
2026-05-29 07:20:17.211 | warning  |             UMD | The file was resized, but the initialized flag is correct. This is an unexpected case, the mutex might fail. Mutex name: REMOTE_ARC_MSG_3_PCIe (robust_mutex.cpp:139)
2026-05-29 07:20:17.897 | info     |          Device | Opening user mode device driver (tt_cluster.cpp:213)
2026-05-29 07:20:22.092 | info     |             UMD | Harvesting mask for chip 3 is 0x1100 (NOC0: 0x1100, simulated harvesting mask: 0x0). (cluster.cpp:399)
2026-05-29 07:20:22.123 | info     |             UMD | Initializing iommu for sysmem (size: 0x100000000). (sysmem_manager.cpp:300)
2026-05-29 07:20:22.123 | info     |             UMD | Allocating sysmem without hugepages (size: 0x100000000). (sysmem_manager.cpp:306)
2026-05-29 07:20:22.531 | info     |             UMD | Harvesting mask for chip 2 is 0x101 (NOC0: 0x101, simulated harvesting mask: 0x0). (cluster.cpp:399)
2026-05-29 07:20:22.560 | info     |             UMD | Initializing iommu for sysmem (size: 0x100000000). (sysmem_manager.cpp:300)
2026-05-29 07:20:22.560 | info     |             UMD | Allocating sysmem without hugepages (size: 0x100000000). (sysmem_manager.cpp:306)
2026-05-29 07:20:22.943 | info     |             UMD | Harvesting mask for chip 1 is 0x810 (NOC0: 0x810, simulated harvesting mask: 0x0). (cluster.cpp:399)
2026-05-29 07:20:22.971 | info     |             UMD | Initializing iommu for sysmem (size: 0x100000000). (sysmem_manager.cpp:300)
2026-05-29 07:20:22.971 | info     |             UMD | Allocating sysmem without hugepages (size: 0x100000000). (sysmem_manager.cpp:306)
2026-05-29 07:20:23.356 | info     |             UMD | Harvesting mask for chip 0 is 0x2800 (NOC0: 0x2800, simulated harvesting mask: 0x0). (cluster.cpp:399)
2026-05-29 07:20:23.385 | info     |             UMD | Initializing iommu for sysmem (size: 0x100000000). (sysmem_manager.cpp:300)
2026-05-29 07:20:23.385 | info     |             UMD | Allocating sysmem without hugepages (size: 0x100000000). (sysmem_manager.cpp:306)
2026-05-29 07:20:23.770 | info     |             UMD | Opening local chip ids/PCIe ids: {0, 1, 2, 3}/[3, 2, 1, 0] and remote chip ids {} (cluster.cpp:251)
2026-05-29 07:20:23.770 | warning  |             UMD | Firmware version 19.8.0 on the system is newer than the maximum supported version 18.10.0 for blackhole architecture. New features may not be supported. (cluster.cpp:211)
2026-05-29 07:20:23.770 | info     |             UMD | All devices in cluster running firmware version: 19.8.0 (cluster.cpp:231)
2026-05-29 07:20:23.770 | info     |             UMD | IOMMU: enabled (cluster.cpp:173)
2026-05-29 07:20:23.770 | info     |             UMD | KMD version: 2.8.0 (cluster.cpp:176)
2026-05-29 07:20:23.795 | info     |             UMD | Pinning pages for DMA: virtual address 0x70e542e00000 and size 0x100000000 pinned to physical address 0xfffffffe00000000 without mapping to noc (pci_device.cpp:678)
2026-05-29 07:20:23.795 | info     |             UMD | Mapped sysmem without hugepages to IOVA 0xfffffffe00000000; NOC address 0x31230648 (sysmem_manager.cpp:354)
2026-05-29 07:20:23.795 | info     |             UMD | Device: 3 Mapped iATU region 0 from 0x0 to 0x3fffffff to 0xfffffffe00000000 (blackhole_tt_device.cpp:92)
2026-05-29 07:20:23.795 | info     |             UMD | Device: 3 Mapped iATU region 1 from 0x40000000 to 0x7fffffff to 0xfffffffe40000000 (blackhole_tt_device.cpp:92)
2026-05-29 07:20:23.795 | info     |             UMD | Device: 3 Mapped iATU region 2 from 0x80000000 to 0xbfffffff to 0xfffffffe80000000 (blackhole_tt_device.cpp:92)
2026-05-29 07:20:23.795 | info     |             UMD | Device: 3 Mapped iATU region 3 from 0xc0000000 to 0xffffffff to 0xfffffffec0000000 (blackhole_tt_device.cpp:92)
2026-05-29 07:20:23.820 | info     |             UMD | Pinning pages for DMA: virtual address 0x70ee63000000 and size 0x100000000 pinned to physical address 0xfffffffe00000000 without mapping to noc (pci_device.cpp:678)
2026-05-29 07:20:23.820 | info     |             UMD | Mapped sysmem without hugepages to IOVA 0xfffffffe00000000; NOC address 0x31230818 (sysmem_manager.cpp:354)
2026-05-29 07:20:23.820 | info     |             UMD | Device: 2 Mapped iATU region 0 from 0x0 to 0x3fffffff to 0xfffffffe00000000 (blackhole_tt_device.cpp:92)
2026-05-29 07:20:23.820 | info     |             UMD | Device: 2 Mapped iATU region 1 from 0x40000000 to 0x7fffffff to 0xfffffffe40000000 (blackhole_tt_device.cpp:92)
2026-05-29 07:20:23.820 | info     |             UMD | Device: 2 Mapped iATU region 2 from 0x80000000 to 0xbfffffff to 0xfffffffe80000000 (blackhole_tt_device.cpp:92)
2026-05-29 07:20:23.820 | info     |             UMD | Device: 2 Mapped iATU region 3 from 0xc0000000 to 0xffffffff to 0xfffffffec0000000 (blackhole_tt_device.cpp:92)
2026-05-29 07:20:23.845 | info     |             UMD | Pinning pages for DMA: virtual address 0x70f783000000 and size 0x100000000 pinned to physical address 0xfffffffe00000000 without mapping to noc (pci_device.cpp:678)
2026-05-29 07:20:23.845 | info     |             UMD | Mapped sysmem without hugepages to IOVA 0xfffffffe00000000; NOC address 0x311a5f58 (sysmem_manager.cpp:354)
2026-05-29 07:20:23.845 | info     |             UMD | Device: 1 Mapped iATU region 0 from 0x0 to 0x3fffffff to 0xfffffffe00000000 (blackhole_tt_device.cpp:92)
2026-05-29 07:20:23.845 | info     |             UMD | Device: 1 Mapped iATU region 1 from 0x40000000 to 0x7fffffff to 0xfffffffe40000000 (blackhole_tt_device.cpp:92)
2026-05-29 07:20:23.845 | info     |             UMD | Device: 1 Mapped iATU region 2 from 0x80000000 to 0xbfffffff to 0xfffffffe80000000 (blackhole_tt_device.cpp:92)
2026-05-29 07:20:23.845 | info     |             UMD | Device: 1 Mapped iATU region 3 from 0xc0000000 to 0xffffffff to 0xfffffffec0000000 (blackhole_tt_device.cpp:92)
2026-05-29 07:20:23.880 | info     |             UMD | Pinning pages for DMA: virtual address 0x7100a3200000 and size 0x100000000 pinned to physical address 0xfffffffe00000000 without mapping to noc (pci_device.cpp:678)
2026-05-29 07:20:23.880 | info     |             UMD | Mapped sysmem without hugepages to IOVA 0xfffffffe00000000; NOC address 0x3114ccc0 (sysmem_manager.cpp:354)
2026-05-29 07:20:23.880 | info     |             UMD | Device: 0 Mapped iATU region 0 from 0x0 to 0x3fffffff to 0xfffffffe00000000 (blackhole_tt_device.cpp:92)
2026-05-29 07:20:23.880 | info     |             UMD | Device: 0 Mapped iATU region 1 from 0x40000000 to 0x7fffffff to 0xfffffffe40000000 (blackhole_tt_device.cpp:92)
2026-05-29 07:20:23.880 | info     |             UMD | Device: 0 Mapped iATU region 2 from 0x80000000 to 0xbfffffff to 0xfffffffe80000000 (blackhole_tt_device.cpp:92)
2026-05-29 07:20:23.880 | info     |             UMD | Device: 0 Mapped iATU region 3 from 0xc0000000 to 0xffffffff to 0xfffffffec0000000 (blackhole_tt_device.cpp:92)
2026-05-29 07:20:24.249 | DEBUG    | ttnn.device:__init__:150 - Using default dispatch core type for this system: DispatchCoreType.WORKER
2026-05-29 07:20:24.249 | DEBUG    | ttnn.device:__init__:152 - Using default dispatch core axis for this system: DispatchCoreAxis.COL
2026-05-29 07:20:24.250 | warning  |          Fabric | Ethernet between chip 0 and chip 1 have 4 expected ethernet ports, but only 2 present (control_plane.cpp:115)
2026-05-29 07:20:24.250 | warning  |          Fabric | Ethernet between chip 0 and chip 3 have 4 expected ethernet ports, but only 2 present (control_plane.cpp:115)
2026-05-29 07:20:24.250 | warning  |          Fabric | Ethernet between chip 1 and chip 0 have 4 expected ethernet ports, but only 2 present (control_plane.cpp:115)
2026-05-29 07:20:24.250 | warning  |          Fabric | Ethernet between chip 1 and chip 2 have 4 expected ethernet ports, but only 2 present (control_plane.cpp:115)
2026-05-29 07:20:24.250 | warning  |          Fabric | Ethernet between chip 3 and chip 0 have 4 expected ethernet ports, but only 2 present (control_plane.cpp:115)
2026-05-29 07:20:24.250 | warning  |          Fabric | Ethernet between chip 3 and chip 2 have 4 expected ethernet ports, but only 2 present (control_plane.cpp:115)
2026-05-29 07:20:24.250 | warning  |          Fabric | Ethernet between chip 2 and chip 1 have 4 expected ethernet ports, but only 2 present (control_plane.cpp:115)
2026-05-29 07:20:24.250 | warning  |          Fabric | Ethernet between chip 2 and chip 3 have 4 expected ethernet ports, but only 2 present (control_plane.cpp:115)

Loading SD 1.4 models onto Blackhole...
  Loading PyTorch VAE (CPU decode)...
  Loading PyTorch UNet (for config and time_proj)...
  Building TTNN UNet on Blackhole (~2-3 min first run, cached after)...
2026-05-29 07:20:26.633 | DEBUG    | ttnn:manage_config:85 - Set ttnn.CONFIG.enable_logging to False
2026-05-29 07:20:26.633 | DEBUG    | ttnn:manage_config:85 - Set ttnn.CONFIG.enable_comparison_mode to False
2026-05-29 07:20:26.633 | WARNING  | ttnn.model_preprocessing:from_torch:533 - ttnn: model cache can be enabled by passing model_name argument to preprocess_model[_parameters] and setting env variable TTNN_CONFIG_OVERRIDES='{"enable_model_cache": true}'
/home/ttuser/tt-metal/models/demos/wormhole/stable_diffusion/custom_preprocessing.py:33: UserWarning: The use of `x.T` on tensors of dimension other than 2 to reverse their shape is deprecated and it will throw an error in a future release. Consider `x.mT` to transpose batches of matrices or `x.permute(*torch.arange(x.ndim - 1, -1, -1))` to reverse the dimensions of a tensor. (Triggered internally at /pytorch/aten/src/ATen/native/TensorShape.cpp:4413.)
  weight = model.weight.T.contiguous()
2026-05-29 07:20:28.029 | DEBUG    | ttnn.model_preprocessing:from_torch:612 - Moving model weights to device
2026-05-29 07:20:28.451 | DEBUG    | ttnn.model_preprocessing:from_torch:614 - Moved model weights to device
2026-05-29 07:20:28.452 | DEBUG    | ttnn:manage_config:88 - Restored ttnn.CONFIG.enable_comparison_mode to False
2026-05-29 07:20:28.452 | DEBUG    | ttnn:manage_config:88 - Restored ttnn.CONFIG.enable_logging to False
2026-05-29 07:20:28.453 | critical |          Always | Can't convert a tensor distributed on MeshShape([1, 4]) mesh to row-major logical tensor. Supply a mesh composer to concatenate multi-device shards. (assert.hpp:103)
Device closed.

Traceback (most recent call last):
  File "/home/ttuser/code/tt-local-generator/app/animatediff/examples/generate_blackhole_v2.py", line 180, in <module>
    main()
  File "/home/ttuser/code/tt-local-generator/app/animatediff/examples/generate_blackhole_v2.py", line 139, in main
    ttnn_model, torch_vae, config, torch_time_proj = load_sd14_ttnn(device)
                                                     ^^^^^^^^^^^^^^^^^^^^^^
  File "/home/ttuser/code/tt-local-generator/app/animatediff/examples/generate_blackhole_v2.py", line 72, in load_sd14_ttnn
    ttnn_model = UNet2D(device, parameters, 2, 64, 64)
                 ^^^^^^^^^^^^^^^^^^^^^^^^^^^^^^^^^^^^^
  File "/home/ttuser/tt-metal/models/demos/wormhole/stable_diffusion/tt/ttnn_functional_unet_2d_condition_model_new_conv.py", line 88, in __init__
    parameters.conv_in.weight, parameters.conv_in.bias = permute_conv_weights(
                                                         ^^^^^^^^^^^^^^^^^^^^^
  File "/home/ttuser/tt-metal/models/demos/wormhole/stable_diffusion/tt/ttnn_functional_unet_2d_condition_model_new_conv.py", line 55, in permute_conv_weights
    weight = ttnn.to_torch(weight)
             ^^^^^^^^^^^^^^^^^^^^^
  File "/home/ttuser/tt-metal/ttnn/ttnn/decorators.py", line 376, in __call__
    result = self.function(*function_args, **function_kwargs)
             ^^^^^^^^^^^^^^^^^^^^^^^^^^^^^^^^^^^^^^^^^^^^^^^^
  File "/home/ttuser/tt-metal/ttnn/ttnn/operations/core.py", line 372, in to_torch
    tensor = tensor.to_torch(mesh_composer=mesh_composer)
             ^^^^^^^^^^^^^^^^^^^^^^^^^^^^^^^^^^^^^^^^^^^^
RuntimeError: TT_FATAL @ /home/ttuser/tt-metal/ttnn/cpp/ttnn-pybind/pytensor.cpp:459: buffers.size() == 1
info:
Can't convert a tensor distributed on MeshShape([1, 4]) mesh to row-major logical tensor. Supply a mesh composer to concatenate multi-device shards.
backtrace:
 --- /home/ttuser/tt-metal/ttnn/ttnn/_ttnn.so(+0x709130) [0x7109c6909130]
 --- /home/ttuser/tt-metal/ttnn/ttnn/_ttnn.so(+0x6a0fe5) [0x7109c68a0fe5]
 --- /home/ttuser/tt-metal/ttnn/ttnn/_ttnn.so(+0x6a23ae) [0x7109c68a23ae]
 --- /home/ttuser/tt-metal/ttnn/ttnn/_ttnn.so(+0x6a22e0) [0x7109c68a22e0]
 --- /home/ttuser/tt-metal/ttnn/ttnn/_ttnn.so(+0x53c134) [0x7109c673c134]
 --- /home/ttuser/tt-metal/python_env/bin/python() [0x1605ec6]
 --- /home/ttuser/tt-metal/python_env/bin/python(_PyEval_EvalFrameDefault+0x36f1) [0x1616871]
 --- /home/ttuser/tt-metal/python_env/bin/python(_PyObject_Call_Prepend+0x9a) [0x1686f1a]
 --- /home/ttuser/tt-metal/python_env/bin/python() [0x1686e59]
 --- /home/ttuser/tt-metal/python_env/bin/python(_PyEval_EvalFrameDefault+0x36f1) [0x1616871]
 --- /home/ttuser/tt-metal/python_env/bin/python() [0x165e4dc]
 --- /home/ttuser/tt-metal/python_env/bin/python() [0x1602623]
 --- /home/ttuser/tt-metal/python_env/bin/python(_PyEval_EvalFrameDefault+0x367d) [0x16167fd]
 --- /home/ttuser/tt-metal/python_env/bin/python(PyEval_EvalCode+0xe2) [0x1684e62]
 --- /home/ttuser/tt-metal/python_env/bin/python() [0x16a4982]
 --- /home/ttuser/tt-metal/python_env/bin/python() [0x17aebff]
 --- /home/ttuser/tt-metal/python_env/bin/python(_PyRun_SimpleFileObject+0x118) [0x17af3ac]
 --- /home/ttuser/tt-metal/python_env/bin/python(_PyRun_AnyFileObject+0x42) [0x17af282]
 --- /home/ttuser/tt-metal/python_env/bin/python() [0x17af1c4]
 --- /home/ttuser/tt-metal/python_env/bin/python() [0x17af0d8]
 --- /home/ttuser/tt-metal/python_env/bin/python(Py_RunMain+0x2e5) [0x171f33b]
 --- /home/ttuser/tt-metal/python_env/bin/python() [0x17406fa]
 --- /home/ttuser/tt-metal/python_env/bin/python() [0x17404ed]
 --- /lib/x86_64-linux-gnu/libc.so.6(+0x2a1ca) [0x710a4822a1ca]
 --- /lib/x86_64-linux-gnu/libc.so.6(__libc_start_main+0x8b) [0x710a4822a28b]
 --- /home/ttuser/tt-metal/python_env/bin/python(_start+0x29) [0x1795ced]

2026-05-29 07:20:29.131 | info     |          Device | Closing user mode device drivers (tt_cluster.cpp:431)
2026-05-29 07:20:29.175 | info     |             UMD | Unpinning pages for DMA: virtual address 0x70e542e00000 and size 0x100000000 (pci_device.cpp:704)
2026-05-29 07:20:29.353 | info     |             UMD | Unpinning pages for DMA: virtual address 0x70ee63000000 and size 0x100000000 (pci_device.cpp:704)
2026-05-29 07:20:29.447 | info     |             UMD | Unpinning pages for DMA: virtual address 0x70f783000000 and size 0x100000000 (pci_device.cpp:704)
2026-05-29 07:20:29.552 | info     |             UMD | Unpinning pages for DMA: virtual address 0x7100a3200000 and size 0x100000000 (pci_device.cpp:704)
